
as12, an absolute assembler for Motorola MCU's, version 1.2h

                        ; Extract_LSB.asm
                        
                        ; Author:
                        ; Student Number:
                        ; Date:
                        ;
                        ; Purpose:
                        ;
                        ; Preconditions:
                        ;
                        ;
                        ; Postcondition:
                        ;
                        ;
                        ;
000f                    MASK    equ     %00001111
                        
0000                    Extract_LSB
0000 84 0f                      anda    #MASK
0002 3d                         rts
                        
                        
                        ;- ------------------------------------
                        ;     End Extract_LSB.asm             -
                        ;--------------------------------------

Executed: Mon Apr 16 18:32:10 2018
Total cycles: 7, Total bytes: 3
Total errors: 0, Total warnings: 0
