
as12, an absolute assembler for Motorola MCU's, version 1.2h

                        ; PF_HEX_Display.asm
                        
                        ; Author:               D. Haley
                        ; Student Number:       Faculty
                        ; Date:                 24 March 2014
                        ;
                        ; Purpose:              Subroutine to display a value on a Hex Display
                        ;
                        ; Preconditions:
                        ;                       HEX Displays configured for Output
                        ;                       Value to Display is in Accumulator A
                        ;                       Hex Display to use is in Accumulator B
                        ;
                        ; Postcondition:        X is destroyed
                        ;                       A is destroyed
                        ;
                        ;                 Lookup table for LED segments
0000 71 73 80           LEDSEG  db        $71,$73,$80
                        ;                 F,  P, <blank>
0003                    PF_Hex_Display
0003 ce 00 00                   ldx     #LEDSEG         ; Point to start of lookup table
0006 a6 e4                      ldaa    a,x             ; Effective address is sum of contents
                                                        ; of registers A and X
PF_HEX_Display.asm:24: Error - Symbol PTP is undefined.
0008 5b 00                      stab    PTP             ; Selected Hex Display (if this is after
                                                        ; staa PORTB
                                                        ; then ALL Hex Dislays will momentarily
                                                        ; flicker the value)
PF_HEX_Display.asm:28: Error - Symbol PORTB is undefined.
000a 5a 00                      staa    PORTB           ; Display value
000c 3d                         rts
                        ; -----------------------------
                        ;        END Hex_Display      -
                        ;------------------------------

Executed: Mon Apr 16 19:00:40 2018
Total errors: 2, Total warnings: 0
